// Jest Snapshot v1, https://goo.gl/fbAQLP

exports[`renders Hero section correctly 1`] = `
<div>
  <section
    class="section section-hero"
  >
    <div
      class="flex-row"
    >
      <img
        alt="dog"
        class="profile-image"
        src="profile-picture.jpeg"
      />
      <h2
        class="profile-heading"
      >
        Alex Billson
      </h2>
      <p
        class="profile-caption"
      >
        ://developer
      </p>
      <p
        class="profile-intro"
      >
        Lorem ipsum dolor sit amet, consectetur adipiscing elit, sed do eiusmod tempor incididunt ut labore et dolore magna aliqua. Ut enim ad minim veniam, quis nostrud exercitation ullamco laboris nisi ut aliquip ex ea commodo consequat. Duis aute irure dolor in reprehenderit in voluptate velit esse cillum dolore eu fugiat nulla pariatur. Excepteur sint occaecat cupidatat non proident, sunt in culpa qui officia deserunt mollit anim id est laborum
      </p>
      <code>
        need a graphic here to push the other sections out of initial view
         
      </code>
    </div>
  </section>
</div>
`;

exports[`renders site correctly 1`] = `
<div>
  <section
    class="section section-hero"
  >
    <div
      class="flex-row"
    >
      <img
        alt="dog"
        class="profile-image"
        src="profile-picture.jpeg"
      />
      <h2
        class="profile-heading"
      >
        Alex Billson
      </h2>
      <p
        class="profile-caption"
      >
        ://developer
      </p>
      <p
        class="profile-intro"
      >
        Lorem ipsum dolor sit amet, consectetur adipiscing elit, sed do eiusmod tempor incididunt ut labore et dolore magna aliqua. Ut enim ad minim veniam, quis nostrud exercitation ullamco laboris nisi ut aliquip ex ea commodo consequat. Duis aute irure dolor in reprehenderit in voluptate velit esse cillum dolore eu fugiat nulla pariatur. Excepteur sint occaecat cupidatat non proident, sunt in culpa qui officia deserunt mollit anim id est laborum
      </p>
      <code>
        need a graphic here to push the other sections out of initial view
         
      </code>
    </div>
  </section>
</div>
`;
